Copyright 1986-2018 Xilinx, Inc. All Rights Reserved.
-------------------------------------------------------------------------------------------------------------------------
| Tool Version : Vivado v.2018.2.1 (lin64) Build 2288692 Thu Jul 26 18:23:50 MDT 2018
| Date         : Fri Mar  8 15:52:03 2019
| Host         : cse166pc-17 running 64-bit Ubuntu 18.04.2 LTS
| Command      : report_utilization -file system_wrapper_utilization_placed.rpt -pb system_wrapper_utilization_placed.pb
| Design       : system_wrapper
| Device       : 7z010clg400-1
| Design State : Fully Placed
-------------------------------------------------------------------------------------------------------------------------

Utilization Design Information

Table of Contents
-----------------
1. Slice Logic
1.1 Summary of Registers by Type
2. Slice Logic Distribution
3. Memory
4. DSP
5. IO and GT Specific
6. Clocking
7. Specific Feature
8. Primitives
9. Black Boxes
10. Instantiated Netlists

1. Slice Logic
--------------

+----------------------------+-------+-------+-----------+-------+
|          Site Type         |  Used | Fixed | Available | Util% |
+----------------------------+-------+-------+-----------+-------+
| Slice LUTs                 | 10102 |     0 |     17600 | 57.40 |
|   LUT as Logic             |  9760 |     0 |     17600 | 55.45 |
|   LUT as Memory            |   342 |     0 |      6000 |  5.70 |
|     LUT as Distributed RAM |    46 |     0 |           |       |
|     LUT as Shift Register  |   296 |     0 |           |       |
| Slice Registers            | 16896 |     0 |     35200 | 48.00 |
|   Register as Flip Flop    | 16896 |     0 |     35200 | 48.00 |
|   Register as Latch        |     0 |     0 |     35200 |  0.00 |
| F7 Muxes                   |   414 |     0 |      8800 |  4.70 |
| F8 Muxes                   |     1 |     0 |      4400 |  0.02 |
+----------------------------+-------+-------+-----------+-------+


1.1 Summary of Registers by Type
--------------------------------

+-------+--------------+-------------+--------------+
| Total | Clock Enable | Synchronous | Asynchronous |
+-------+--------------+-------------+--------------+
| 0     |            _ |           - |            - |
| 0     |            _ |           - |          Set |
| 0     |            _ |           - |        Reset |
| 0     |            _ |         Set |            - |
| 0     |            _ |       Reset |            - |
| 0     |          Yes |           - |            - |
| 55    |          Yes |           - |          Set |
| 87    |          Yes |           - |        Reset |
| 796   |          Yes |         Set |            - |
| 15958 |          Yes |       Reset |            - |
+-------+--------------+-------------+--------------+


2. Slice Logic Distribution
---------------------------

+-------------------------------------------+------+-------+-----------+-------+
|                 Site Type                 | Used | Fixed | Available | Util% |
+-------------------------------------------+------+-------+-----------+-------+
| Slice                                     | 4223 |     0 |      4400 | 95.98 |
|   SLICEL                                  | 2790 |     0 |           |       |
|   SLICEM                                  | 1433 |     0 |           |       |
| LUT as Logic                              | 9760 |     0 |     17600 | 55.45 |
|   using O5 output only                    |    0 |       |           |       |
|   using O6 output only                    | 7538 |       |           |       |
|   using O5 and O6                         | 2222 |       |           |       |
| LUT as Memory                             |  342 |     0 |      6000 |  5.70 |
|   LUT as Distributed RAM                  |   46 |     0 |           |       |
|     using O5 output only                  |    0 |       |           |       |
|     using O6 output only                  |    2 |       |           |       |
|     using O5 and O6                       |   44 |       |           |       |
|   LUT as Shift Register                   |  296 |     0 |           |       |
|     using O5 output only                  |   20 |       |           |       |
|     using O6 output only                  |  108 |       |           |       |
|     using O5 and O6                       |  168 |       |           |       |
| LUT Flip Flop Pairs                       | 5529 |     0 |     17600 | 31.41 |
|   fully used LUT-FF pairs                 | 1403 |       |           |       |
|   LUT-FF pairs with one unused LUT output | 3844 |       |           |       |
|   LUT-FF pairs with one unused Flip Flop  | 3554 |       |           |       |
| Unique Control Sets                       |  665 |       |           |       |
+-------------------------------------------+------+-------+-----------+-------+
* Note: Review the Control Sets Report for more information regarding control sets.


3. Memory
---------

+-------------------+------+-------+-----------+-------+
|     Site Type     | Used | Fixed | Available | Util% |
+-------------------+------+-------+-----------+-------+
| Block RAM Tile    |   31 |     0 |        60 | 51.67 |
|   RAMB36/FIFO*    |   28 |     0 |        60 | 46.67 |
|     RAMB36E1 only |   28 |       |           |       |
|   RAMB18          |    6 |     0 |       120 |  5.00 |
|     RAMB18E1 only |    6 |       |           |       |
+-------------------+------+-------+-----------+-------+
* Note: Each Block RAM Tile only has one FIFO logic available and therefore can accommodate only one FIFO36E1 or one FIFO18E1. However, if a FIFO18E1 occupies a Block RAM Tile, that tile can still accommodate a RAMB18E1


4. DSP
------

+----------------+------+-------+-----------+-------+
|    Site Type   | Used | Fixed | Available | Util% |
+----------------+------+-------+-----------+-------+
| DSPs           |    9 |     0 |        80 | 11.25 |
|   DSP48E1 only |    9 |       |           |       |
+----------------+------+-------+-----------+-------+


5. IO and GT Specific
---------------------

+-----------------------------+------+-------+-----------+--------+
|          Site Type          | Used | Fixed | Available |  Util% |
+-----------------------------+------+-------+-----------+--------+
| Bonded IOB                  |   30 |    30 |       100 |  30.00 |
|   IOB Master Pads           |   15 |       |           |        |
|   IOB Slave Pads            |   15 |       |           |        |
| Bonded IPADs                |    0 |     0 |         2 |   0.00 |
| Bonded IOPADs               |  130 |   130 |       130 | 100.00 |
| PHY_CONTROL                 |    0 |     0 |         2 |   0.00 |
| PHASER_REF                  |    0 |     0 |         2 |   0.00 |
| OUT_FIFO                    |    0 |     0 |         8 |   0.00 |
| IN_FIFO                     |    0 |     0 |         8 |   0.00 |
| IDELAYCTRL                  |    1 |     0 |         2 |  50.00 |
| IBUFDS                      |    4 |     4 |        96 |   4.17 |
| PHASER_OUT/PHASER_OUT_PHY   |    0 |     0 |         8 |   0.00 |
| PHASER_IN/PHASER_IN_PHY     |    0 |     0 |         8 |   0.00 |
| IDELAYE2/IDELAYE2_FINEDELAY |    3 |     3 |       100 |   3.00 |
|   IDELAYE2 only             |    3 |     3 |           |        |
| ILOGIC                      |    6 |     6 |       100 |   6.00 |
|   ISERDES                   |    6 |     6 |           |        |
| OLOGIC                      |    8 |     8 |       100 |   8.00 |
|   OSERDES                   |    8 |     8 |           |        |
+-----------------------------+------+-------+-----------+--------+


6. Clocking
-----------

+--------------+------+-------+-----------+--------+
|   Site Type  | Used | Fixed | Available |  Util% |
+--------------+------+-------+-----------+--------+
| BUFGCTRL     |    3 |     0 |        32 |   9.38 |
| BUFIO        |    2 |     0 |         8 |  25.00 |
|   BUFIO only |    2 |     0 |           |        |
| MMCME2_ADV   |    2 |     0 |         2 | 100.00 |
| PLLE2_ADV    |    0 |     0 |         2 |   0.00 |
| BUFMRCE      |    0 |     0 |         4 |   0.00 |
| BUFHCE       |    0 |     0 |        48 |   0.00 |
| BUFR         |    2 |     0 |         8 |  25.00 |
+--------------+------+-------+-----------+--------+


7. Specific Feature
-------------------

+-------------+------+-------+-----------+-------+
|  Site Type  | Used | Fixed | Available | Util% |
+-------------+------+-------+-----------+-------+
| BSCANE2     |    0 |     0 |         4 |  0.00 |
| CAPTUREE2   |    0 |     0 |         1 |  0.00 |
| DNA_PORT    |    0 |     0 |         1 |  0.00 |
| EFUSE_USR   |    0 |     0 |         1 |  0.00 |
| FRAME_ECCE2 |    0 |     0 |         1 |  0.00 |
| ICAPE2      |    0 |     0 |         2 |  0.00 |
| STARTUPE2   |    0 |     0 |         1 |  0.00 |
| XADC        |    0 |     0 |         1 |  0.00 |
+-------------+------+-------+-----------+-------+


8. Primitives
-------------

+------------+-------+----------------------+
|  Ref Name  |  Used |  Functional Category |
+------------+-------+----------------------+
| FDRE       | 15958 |         Flop & Latch |
| LUT3       |  3365 |                  LUT |
| LUT6       |  2305 |                  LUT |
| LUT2       |  2096 |                  LUT |
| LUT5       |  2004 |                  LUT |
| LUT4       |  1783 |                  LUT |
| FDSE       |   796 |         Flop & Latch |
| CARRY4     |   706 |           CarryLogic |
| LUT1       |   429 |                  LUT |
| MUXF7      |   414 |                MuxFx |
| SRL16E     |   400 |   Distributed Memory |
| BIBUF      |   130 |                   IO |
| FDCE       |    87 |         Flop & Latch |
| RAMD32     |    68 |   Distributed Memory |
| SRLC32E    |    64 |   Distributed Memory |
| FDPE       |    55 |         Flop & Latch |
| RAMB36E1   |    28 |         Block Memory |
| RAMS32     |    22 |   Distributed Memory |
| IBUF       |    12 |                   IO |
| DSP48E1    |     9 |     Block Arithmetic |
| OSERDESE2  |     8 |                   IO |
| RAMB18E1   |     6 |         Block Memory |
| ISERDESE2  |     6 |                   IO |
| OBUFT      |     4 |                   IO |
| OBUFDS     |     4 |                   IO |
| IBUFDS     |     4 |                   IO |
| IDELAYE2   |     3 |                   IO |
| BUFG       |     3 |                Clock |
| OBUF       |     2 |                   IO |
| MMCME2_ADV |     2 |                Clock |
| BUFR       |     2 |                Clock |
| BUFIO      |     2 |                Clock |
| PS7        |     1 | Specialized Resource |
| MUXF8      |     1 |                MuxFx |
| IDELAYCTRL |     1 |                   IO |
+------------+-------+----------------------+


9. Black Boxes
--------------

+----------+------+
| Ref Name | Used |
+----------+------+


10. Instantiated Netlists
-------------------------

+----------+------+
| Ref Name | Used |
+----------+------+


