

================================================================
== Vivado HLS Report for 'toplevel'
================================================================
* Date:           Tue Feb 26 11:52:23 2019

* Version:        2018.2.1 (Build 2288704 on Thu Jul 26 18:46:41 MDT 2018)
* Project:        scaler
* Solution:       solution1
* Product family: zynq
* Target device:  xc7z010clg400-1


================================================================
== Performance Estimates
================================================================
+ Timing (ns): 
    * Summary: 
    +--------+-------+----------+------------+
    |  Clock | Target| Estimated| Uncertainty|
    +--------+-------+----------+------------+
    |ap_clk  |  10.00|     8.750|        1.25|
    +--------+-------+----------+------------+

+ Latency (clock cycles): 
    * Summary: 
    +--------+--------+--------+--------+---------+
    |     Latency     |     Interval    | Pipeline|
    |   min  |   max  |   min  |   max  |   Type  |
    +--------+--------+--------+--------+---------+
    |  109708|  109708|  109708|  109708|   none  |
    +--------+--------+--------+--------+---------+

    + Detail: 
        * Instance: 
        N/A

        * Loop: 
        +---------------------------------+--------+--------+----------+-----------+-----------+--------+----------+
        |                                 |     Latency     | Iteration|  Initiation Interval  |  Trip  |          |
        |            Loop Name            |   min  |   max  |  Latency |  achieved |   target  |  Count | Pipelined|
        +---------------------------------+--------+--------+----------+-----------+-----------+--------+----------+
        |- memcpy.sectionDataCopy.ram     |  108001|  108001|         3|          1|          1|  108000|    yes   |
        |- xloop                          |       1|       1|         4|          -|          -|       0|    no    |
        | + yloop                         |       1|       1|         9|          -|          -|       0|    no    |
        |  ++ windowXloop                 |       0|       0|         2|          -|          -|       0|    no    |
        |   +++ windowYLoop               |       0|       0|        10|          -|          -|       0|    no    |
        |- memcpy.ram.newSectionData.gep  |    1689|    1689|         3|          1|          1|    1688|    yes   |
        +---------------------------------+--------+--------+----------+-----------+-----------+--------+----------+



================================================================
== Utilization Estimates
================================================================
* Summary: 
+-----------------+---------+-------+-------+-------+
|       Name      | BRAM_18K| DSP48E|   FF  |  LUT  |
+-----------------+---------+-------+-------+-------+
|DSP              |        -|      -|      -|      -|
|Expression       |        -|      3|      0|   5547|
|FIFO             |        -|      -|      -|      -|
|Instance         |        2|     16|   1173|   1196|
|Memory           |      260|      -|      0|      0|
|Multiplexer      |        -|      -|      -|    569|
|Register         |        -|      -|   2132|      -|
+-----------------+---------+-------+-------+-------+
|Total            |      262|     19|   3305|   7312|
+-----------------+---------+-------+-------+-------+
|Available        |      120|     80|  35200|  17600|
+-----------------+---------+-------+-------+-------+
|Utilization (%)  |      218|     23|      9|     41|
+-----------------+---------+-------+-------+-------+

+ Detail: 
    * Instance: 
    +---------------------------+-------------------------+---------+-------+-----+-----+
    |          Instance         |          Module         | BRAM_18K| DSP48E|  FF | LUT |
    +---------------------------+-------------------------+---------+-------+-----+-----+
    |toplevel_AXILiteS_s_axi_U  |toplevel_AXILiteS_s_axi  |        0|      0|  220|  360|
    |toplevel_MAXI_m_axi_U      |toplevel_MAXI_m_axi      |        2|      0|  512|  580|
    |toplevel_mul_64s_dEe_U1    |toplevel_mul_64s_dEe     |        0|     16|  441|  256|
    +---------------------------+-------------------------+---------+-------+-----+-----+
    |Total                      |                         |        2|     16| 1173| 1196|
    +---------------------------+-------------------------+---------+-------+-----+-----+

    * DSP48: 
    N/A

    * Memory: 
    +-------------------+----------------------+---------+---+----+--------+-----+------+-------------+
    |       Memory      |        Module        | BRAM_18K| FF| LUT|  Words | Bits| Banks| W*Bits*Banks|
    +-------------------+----------------------+---------+---+----+--------+-----+------+-------------+
    |newSectionData_U   |toplevel_newSecticud  |        4|  0|   0|    1688|   32|     1|        54016|
    |sectionDataCopy_U  |toplevel_sectionDbkb  |      256|  0|   0|  108000|   32|     1|      3456000|
    +-------------------+----------------------+---------+---+----+--------+-----+------+-------------+
    |Total              |                      |      260|  0|   0|  109688|   64|     2|      3510016|
    +-------------------+----------------------+---------+---+----+--------+-----+------+-------------+

    * FIFO: 
    N/A

    * Expression: 
    +-----------------------------------+----------+-------+---+-----+------------+------------+
    |           Variable Name           | Operation| DSP48E| FF| LUT | Bitwidth P0| Bitwidth P1|
    +-----------------------------------+----------+-------+---+-----+------------+------------+
    |tmp_19_fu_1414_p2                  |     *    |      3|  0|   20|          32|           7|
    |gepindex12_fu_949_p2               |     +    |      0|  0|   28|          14|          21|
    |gepindex15_fu_1186_p2              |     +    |      0|  0|   28|          14|          21|
    |gepindex1_fu_1499_p2               |     +    |      0|  0|   21|           4|          15|
    |gepindex5_fu_1727_p2               |     +    |      0|  0|   21|           4|          15|
    |gepindex8_fu_1916_p2               |     +    |      0|  0|   21|           4|          15|
    |gepindex_fu_902_p2                 |     +    |      0|  0|   28|          14|          21|
    |i_op_assign_fu_1392_p2             |     +    |      0|  0|   39|           1|          32|
    |indvar_next1_fu_2062_p2            |     +    |      0|  0|   13|          11|           1|
    |indvar_next_fu_572_p2              |     +    |      0|  0|   24|          17|           1|
    |indvars_iv_next2_fu_739_p2         |     +    |      0|  0|   71|          64|           4|
    |indvars_iv_next3_fu_745_p2         |     +    |      0|  0|   71|          64|           4|
    |indvars_iv_next4_fu_751_p2         |     +    |      0|  0|   71|          64|           4|
    |indvars_iv_next6_fu_780_p2         |     +    |      0|  0|   71|           4|          64|
    |indvars_iv_next7_fu_786_p2         |     +    |      0|  0|   71|           4|          64|
    |indvars_iv_next_fu_1404_p2         |     +    |      0|  0|   71|           4|          64|
    |mem_index_gep1_fu_1707_p2          |     +    |      0|  0|   19|           3|          14|
    |mem_index_gep2_fu_1896_p2          |     +    |      0|  0|   19|           3|          14|
    |mem_index_gep3_fu_882_p2           |     +    |      0|  0|   27|          13|          20|
    |mem_index_gep4_fu_929_p2           |     +    |      0|  0|   27|          13|          20|
    |mem_index_gep5_fu_1166_p2          |     +    |      0|  0|   27|          13|          20|
    |mem_index_gep_fu_1479_p2           |     +    |      0|  0|   19|           3|          14|
    |rollingAverage_0_V_fu_1235_p2      |     +    |      0|  0|   19|          14|          14|
    |rollingAverage_1_V_fu_1263_p2      |     +    |      0|  0|   19|          14|          14|
    |rollingAverage_2_V_fu_1386_p2      |     +    |      0|  0|   19|          14|          14|
    |scaledX_V_fu_662_p2                |     +    |      0|  0|   15|           7|           1|
    |scaledY_V_fu_727_p2                |     +    |      0|  0|   15|           7|           1|
    |tmp_20_fu_1419_p2                  |     +    |      0|  0|   39|          32|          32|
    |tmp_24_fu_1639_p2                  |     +    |      0|  0|   39|           1|          32|
    |tmp_27_fu_1678_p2                  |     +    |      0|  0|   39|           2|          32|
    |tmp_33_fu_820_p2                   |     +    |      0|  0|   71|          64|          64|
    |tmp_37_fu_842_p2                   |     +    |      0|  0|   39|           1|          32|
    |tmp_41_fu_862_p2                   |     +    |      0|  0|   39|           2|          32|
    |windowX_1_fu_814_p2                |     +    |      0|  0|   71|          64|           1|
    |windowY_1_fu_808_p2                |     +    |      0|  0|   71|           1|          64|
    |x_fu_733_p2                        |     +    |      0|  0|   71|          64|           4|
    |y_fu_1398_p2                       |     +    |      0|  0|   71|           4|          64|
    |index_fu_1429_p2                   |     -    |      0|  0|   39|          32|          32|
    |tmp_101_fu_792_p2                  |     -    |      0|  0|   71|          64|          64|
    |tmp_108_fu_1013_p2                 |     -    |      0|  0|   15|           6|           6|
    |tmp_110_fu_1025_p2                 |     -    |      0|  0|   15|           6|           6|
    |tmp_114_fu_1055_p2                 |     -    |      0|  0|   15|           5|           6|
    |tmp_11_fu_690_p2                   |     -    |      0|  0|   71|          64|          64|
    |tmp_126_fu_1108_p2                 |     -    |      0|  0|   15|           6|           6|
    |tmp_128_fu_1120_p2                 |     -    |      0|  0|   15|           6|           6|
    |tmp_132_fu_1150_p2                 |     -    |      0|  0|   15|           5|           6|
    |tmp_13_fu_702_p2                   |     -    |      0|  0|   71|          64|          64|
    |tmp_144_fu_1306_p2                 |     -    |      0|  0|   15|           6|           6|
    |tmp_146_fu_1318_p2                 |     -    |      0|  0|   15|           6|           6|
    |tmp_150_fu_1348_p2                 |     -    |      0|  0|   15|           5|           6|
    |tmp_22_fu_597_p2                   |     -    |      0|  0|   39|          32|          32|
    |tmp_28_fu_757_p2                   |     -    |      0|  0|   71|          64|          64|
    |tmp_29_fu_774_p2                   |     -    |      0|  0|   71|          64|          64|
    |tmp_3_fu_625_p2                    |     -    |      0|  0|   71|          64|          64|
    |tmp_5_fu_637_p2                    |     -    |      0|  0|   71|          64|          64|
    |ap_block_pp0_stage0_11001          |    and   |      0|  0|    2|           1|           1|
    |ap_block_pp1_stage0_11001          |    and   |      0|  0|    2|           1|           1|
    |ap_block_state10_pp0_stage0_iter1  |    and   |      0|  0|    2|           1|           1|
    |ap_block_state15_io                |    and   |      0|  0|    2|           1|           1|
    |ap_block_state37_io                |    and   |      0|  0|    2|           1|           1|
    |p_demorgan1_fu_1844_p2             |    and   |      0|  0|   32|          32|          32|
    |p_demorgan2_fu_2033_p2             |    and   |      0|  0|   32|          32|          32|
    |p_demorgan_fu_1616_p2              |    and   |      0|  0|   32|          32|          32|
    |tmp_119_fu_1222_p2                 |    and   |      0|  0|   32|          32|          32|
    |tmp_137_fu_1250_p2                 |    and   |      0|  0|   32|          32|          32|
    |tmp_155_fu_1373_p2                 |    and   |      0|  0|   32|          32|          32|
    |tmp_58_fu_1622_p2                  |    and   |      0|  0|   32|          32|          32|
    |tmp_78_fu_1850_p2                  |    and   |      0|  0|   32|          32|          32|
    |tmp_98_fu_2039_p2                  |    and   |      0|  0|   32|          32|          32|
    |addrCmp10_fu_1175_p2               |   icmp   |      0|  0|   18|          20|          14|
    |addrCmp11_fu_1180_p2               |   icmp   |      0|  0|   18|          20|          17|
    |addrCmp1_fu_1488_p2                |   icmp   |      0|  0|   13|          14|           4|
    |addrCmp2_fu_1493_p2                |   icmp   |      0|  0|   13|          14|          11|
    |addrCmp3_fu_1716_p2                |   icmp   |      0|  0|   13|          14|           4|
    |addrCmp4_fu_1721_p2                |   icmp   |      0|  0|   13|          14|          11|
    |addrCmp5_fu_1905_p2                |   icmp   |      0|  0|   13|          14|           4|
    |addrCmp6_fu_1910_p2                |   icmp   |      0|  0|   13|          14|          11|
    |addrCmp7_fu_896_p2                 |   icmp   |      0|  0|   18|          20|          17|
    |addrCmp8_fu_938_p2                 |   icmp   |      0|  0|   18|          20|          14|
    |addrCmp9_fu_943_p2                 |   icmp   |      0|  0|   18|          20|          17|
    |addrCmp_fu_891_p2                  |   icmp   |      0|  0|   18|          20|          14|
    |exitcond1_fu_566_p2                |   icmp   |      0|  0|   18|          17|          16|
    |exitcond2_fu_2056_p2               |   icmp   |      0|  0|   13|          11|          10|
    |exitcond3_fu_762_p2                |   icmp   |      0|  0|   29|          64|          64|
    |exitcond_fu_797_p2                 |   icmp   |      0|  0|   29|          64|          64|
    |tmp_104_fu_989_p2                  |   icmp   |      0|  0|   11|           5|           5|
    |tmp_10_fu_672_p2                   |   icmp   |      0|  0|   29|          64|          64|
    |tmp_122_fu_1084_p2                 |   icmp   |      0|  0|   11|           5|           5|
    |tmp_12_fu_678_p2                   |   icmp   |      0|  0|   29|          64|          64|
    |tmp_140_fu_1282_p2                 |   icmp   |      0|  0|   11|           5|           5|
    |tmp_14_fu_708_p2                   |   icmp   |      0|  0|   29|          64|          64|
    |tmp_16_fu_722_p2                   |   icmp   |      0|  0|   29|          64|          64|
    |tmp_2_fu_607_p2                    |   icmp   |      0|  0|   29|          64|          64|
    |tmp_34_fu_1463_p2                  |   icmp   |      0|  0|   11|           5|           5|
    |tmp_4_fu_613_p2                    |   icmp   |      0|  0|   29|          64|          64|
    |tmp_61_fu_1672_p2                  |   icmp   |      0|  0|   11|           5|           5|
    |tmp_6_fu_643_p2                    |   icmp   |      0|  0|   29|          64|          64|
    |tmp_81_fu_1880_p2                  |   icmp   |      0|  0|   11|           5|           5|
    |tmp_9_fu_657_p2                    |   icmp   |      0|  0|   29|          64|          64|
    |tmp_117_fu_1065_p2                 |   lshr   |      0|  0|  101|          32|          32|
    |tmp_118_fu_1216_p2                 |   lshr   |      0|  0|  101|           2|          32|
    |tmp_135_fu_1160_p2                 |   lshr   |      0|  0|  101|          32|          32|
    |tmp_136_fu_1244_p2                 |   lshr   |      0|  0|  101|           2|          32|
    |tmp_153_fu_1358_p2                 |   lshr   |      0|  0|  101|          32|          32|
    |tmp_154_fu_1367_p2                 |   lshr   |      0|  0|  101|           2|          32|
    |tmp_57_fu_1610_p2                  |   lshr   |      0|  0|  101|           2|          32|
    |tmp_77_fu_1838_p2                  |   lshr   |      0|  0|  101|           2|          32|
    |tmp_97_fu_2027_p2                  |   lshr   |      0|  0|  101|           2|          32|
    |end_pos1_fu_1666_p2                |    or    |      0|  0|    5|           5|           3|
    |end_pos2_fu_1874_p2                |    or    |      0|  0|    5|           5|           3|
    |end_pos3_fu_983_p2                 |    or    |      0|  0|    5|           5|           3|
    |end_pos4_fu_1078_p2                |    or    |      0|  0|    5|           5|           3|
    |end_pos5_fu_1276_p2                |    or    |      0|  0|    5|           5|           3|
    |end_pos_fu_1457_p2                 |    or    |      0|  0|    5|           5|           3|
    |gepindex10_fu_1930_p3              |  select  |      0|  0|   15|           1|          15|
    |gepindex11_fu_908_p3               |  select  |      0|  0|   21|           1|          21|
    |gepindex13_fu_955_p3               |  select  |      0|  0|   21|           1|          21|
    |gepindex14_fu_963_p3               |  select  |      0|  0|   21|           1|          21|
    |gepindex16_fu_1192_p3              |  select  |      0|  0|   21|           1|          21|
    |gepindex17_fu_1200_p3              |  select  |      0|  0|   21|           1|          21|
    |gepindex2_fu_916_p3                |  select  |      0|  0|   21|           1|          21|
    |gepindex3_fu_1505_p3               |  select  |      0|  0|   15|           1|          15|
    |gepindex4_fu_1513_p3               |  select  |      0|  0|   15|           1|          15|
    |gepindex6_fu_1733_p3               |  select  |      0|  0|   15|           1|          15|
    |gepindex7_fu_1741_p3               |  select  |      0|  0|   15|           1|          15|
    |gepindex9_fu_1922_p3               |  select  |      0|  0|   15|           1|          15|
    |tmp_111_fu_1031_p3                 |  select  |      0|  0|    6|           1|           6|
    |tmp_112_fu_1039_p3                 |  select  |      0|  0|   32|           1|          32|
    |tmp_113_fu_1047_p3                 |  select  |      0|  0|    6|           1|           6|
    |tmp_129_fu_1126_p3                 |  select  |      0|  0|    6|           1|           6|
    |tmp_130_fu_1134_p3                 |  select  |      0|  0|   32|           1|          32|
    |tmp_131_fu_1142_p3                 |  select  |      0|  0|    6|           1|           6|
    |tmp_147_fu_1324_p3                 |  select  |      0|  0|    6|           1|           6|
    |tmp_148_fu_1332_p3                 |  select  |      0|  0|   32|           1|          32|
    |tmp_149_fu_1340_p3                 |  select  |      0|  0|    6|           1|           6|
    |tmp_46_fu_1542_p3                  |  select  |      0|  0|    6|           1|           6|
    |tmp_47_fu_1549_p3                  |  select  |      0|  0|    6|           1|           6|
    |tmp_48_fu_1556_p3                  |  select  |      0|  0|    6|           1|           6|
    |tmp_55_fu_1597_p3                  |  select  |      0|  0|   32|           1|          32|
    |tmp_66_fu_1770_p3                  |  select  |      0|  0|    6|           1|           6|
    |tmp_67_fu_1777_p3                  |  select  |      0|  0|    6|           1|           6|
    |tmp_68_fu_1784_p3                  |  select  |      0|  0|    6|           1|           6|
    |tmp_75_fu_1825_p3                  |  select  |      0|  0|   32|           1|          32|
    |tmp_86_fu_1959_p3                  |  select  |      0|  0|    6|           1|           6|
    |tmp_87_fu_1966_p3                  |  select  |      0|  0|    6|           1|           6|
    |tmp_88_fu_1973_p3                  |  select  |      0|  0|    6|           1|           6|
    |tmp_95_fu_2014_p3                  |  select  |      0|  0|   32|           1|          32|
    |umax1_fu_618_p3                    |  select  |      0|  0|   64|           1|          64|
    |umax2_fu_631_p3                    |  select  |      0|  0|   64|           1|          64|
    |umax3_fu_649_p3                    |  select  |      0|  0|   64|           1|          64|
    |umax4_fu_696_p3                    |  select  |      0|  0|   64|           1|          64|
    |umax5_fu_714_p3                    |  select  |      0|  0|   64|           1|          64|
    |umax_fu_683_p3                     |  select  |      0|  0|   64|           1|          64|
    |mask1_fu_1860_p2                   |    shl   |      0|  0|   11|           1|           4|
    |mask2_fu_2049_p2                   |    shl   |      0|  0|   11|           1|           4|
    |mask_fu_1632_p2                    |    shl   |      0|  0|   11|           1|           4|
    |tmp_53_fu_1581_p2                  |    shl   |      0|  0|  101|          32|          32|
    |tmp_56_fu_1604_p2                  |    shl   |      0|  0|  101|           2|          32|
    |tmp_73_fu_1809_p2                  |    shl   |      0|  0|  101|          32|          32|
    |tmp_76_fu_1832_p2                  |    shl   |      0|  0|  101|           2|          32|
    |tmp_93_fu_1998_p2                  |    shl   |      0|  0|  101|          32|          32|
    |tmp_96_fu_2021_p2                  |    shl   |      0|  0|  101|           2|          32|
    |ap_enable_pp0                      |    xor   |      0|  0|    2|           1|           2|
    |ap_enable_pp1                      |    xor   |      0|  0|    2|           1|           2|
    |ap_enable_reg_pp0_iter1            |    xor   |      0|  0|    2|           2|           1|
    |ap_enable_reg_pp1_iter1            |    xor   |      0|  0|    2|           2|           1|
    |tmp_109_fu_1019_p2                 |    xor   |      0|  0|    6|           6|           5|
    |tmp_127_fu_1114_p2                 |    xor   |      0|  0|    6|           6|           5|
    |tmp_145_fu_1312_p2                 |    xor   |      0|  0|    6|           6|           5|
    |tmp_45_fu_1536_p2                  |    xor   |      0|  0|    6|           6|           5|
    |tmp_49_fu_1563_p2                  |    xor   |      0|  0|    6|           6|           5|
    |tmp_65_fu_1764_p2                  |    xor   |      0|  0|    6|           6|           5|
    |tmp_69_fu_1791_p2                  |    xor   |      0|  0|    6|           6|           5|
    |tmp_85_fu_1953_p2                  |    xor   |      0|  0|    6|           6|           5|
    |tmp_89_fu_1980_p2                  |    xor   |      0|  0|    6|           6|           5|
    +-----------------------------------+----------+-------+---+-----+------------+------------+
    |Total                              |          |      3|  0| 5547|        2758|        3992|
    +-----------------------------------+----------+-------+---+-----+------------+------------+

    * Multiplexer: 
    +---------------------------------+-----+-----------+-----+-----------+
    |               Name              | LUT | Input Size| Bits| Total Bits|
    +---------------------------------+-----+-----------+-----+-----------+
    |MAXI_blk_n_AR                    |    9|          2|    1|          2|
    |MAXI_blk_n_AW                    |    9|          2|    1|          2|
    |MAXI_blk_n_B                     |    9|          2|    1|          2|
    |MAXI_blk_n_R                     |    9|          2|    1|          2|
    |MAXI_blk_n_W                     |    9|          2|    1|          2|
    |ap_NS_fsm                        |  173|         39|    1|         39|
    |ap_enable_reg_pp0_iter1          |    9|          2|    1|          2|
    |ap_enable_reg_pp0_iter2          |    9|          2|    1|          2|
    |ap_enable_reg_pp1_iter1          |    9|          2|    1|          2|
    |ap_enable_reg_pp1_iter2          |    9|          2|    1|          2|
    |ap_phi_mux_indvar_phi_fu_314_p4  |    9|          2|   17|         34|
    |ap_sig_ioackin_MAXI_ARREADY      |    9|          2|    1|          2|
    |ap_sig_ioackin_MAXI_AWREADY      |    9|          2|    1|          2|
    |ap_sig_ioackin_MAXI_WREADY       |    9|          2|    1|          2|
    |indvar2_reg_535                  |    9|          2|   11|         22|
    |indvar_reg_310                   |    9|          2|   17|         34|
    |indvars_iv1_reg_346              |    9|          2|   64|        128|
    |indvars_iv3_reg_334              |    9|          2|   64|        128|
    |indvars_iv4_reg_358              |    9|          2|   64|        128|
    |indvars_iv5_reg_405              |    9|          2|   64|        128|
    |indvars_iv7_reg_393              |    9|          2|   64|        128|
    |indvars_iv_reg_417               |    9|          2|   64|        128|
    |newSectionData_address0          |   27|          5|   11|         55|
    |newSectionData_d0                |   21|          4|   32|        128|
    |newSectionData_we0               |   21|          4|    4|         16|
    |p_0194_1_reg_429                 |    9|          2|    7|         14|
    |p_s_reg_370                      |    9|          2|    7|         14|
    |rollingAverage_V_0_2_reg_465     |    9|          2|   14|         28|
    |rollingAverage_V_0_3_reg_512     |    9|          2|   14|         28|
    |rollingAverage_V_1_2_reg_453     |    9|          2|   14|         28|
    |rollingAverage_V_1_3_reg_500     |    9|          2|   14|         28|
    |rollingAverage_V_2_2_reg_441     |    9|          2|   14|         28|
    |rollingAverage_V_2_3_reg_488     |    9|          2|   14|         28|
    |sectionDataCopy_address0         |   15|          3|   17|         51|
    |sectionDataCopy_address1         |   15|          3|   17|         51|
    |windowX1_reg_477                 |    9|          2|   64|        128|
    |windowX_reg_322                  |    9|          2|   64|        128|
    |windowY1_reg_524                 |    9|          2|   64|        128|
    |windowY_reg_381                  |    9|          2|   64|        128|
    +---------------------------------+-----+-----------+-----+-----------+
    |Total                            |  569|        124|  877|       1930|
    +---------------------------------+-----+-----------+-----+-----------+

    * Register: 
    +----------------------------------+----+----+-----+-----------+
    |               Name               | FF | LUT| Bits| Const Bits|
    +----------------------------------+----+----+-----+-----------+
    |MAXI_addr_read_reg_2094           |  32|   0|   32|          0|
    |MAXI_addr_reg_2078                |  30|   0|   32|          2|
    |adjSize1_reg_2379                 |  14|   0|   14|          0|
    |adjSize2_reg_2409                 |  14|   0|   14|          0|
    |adjSize3_reg_2231                 |  20|   0|   20|          0|
    |adjSize4_reg_2242                 |  20|   0|   20|          0|
    |adjSize5_reg_2253                 |  20|   0|   20|          0|
    |adjSize_reg_2350                  |  14|   0|   14|          0|
    |ap_CS_fsm                         |  38|   0|   38|          0|
    |ap_enable_reg_pp0_iter0           |   1|   0|    1|          0|
    |ap_enable_reg_pp0_iter1           |   1|   0|    1|          0|
    |ap_enable_reg_pp0_iter2           |   1|   0|    1|          0|
    |ap_enable_reg_pp1_iter0           |   1|   0|    1|          0|
    |ap_enable_reg_pp1_iter1           |   1|   0|    1|          0|
    |ap_enable_reg_pp1_iter2           |   1|   0|    1|          0|
    |ap_reg_ioackin_MAXI_ARREADY       |   1|   0|    1|          0|
    |ap_reg_ioackin_MAXI_AWREADY       |   1|   0|    1|          0|
    |ap_reg_ioackin_MAXI_WREADY        |   1|   0|    1|          0|
    |end_pos1_reg_2390                 |   2|   0|    5|          3|
    |end_pos2_reg_2420                 |   2|   0|    5|          3|
    |end_pos_reg_2361                  |   2|   0|    5|          3|
    |exitcond1_reg_2085                |   1|   0|    1|          0|
    |exitcond1_reg_2085_pp0_iter1_reg  |   1|   0|    1|          0|
    |exitcond2_reg_2433                |   1|   0|    1|          0|
    |exitcond2_reg_2433_pp1_iter1_reg  |   1|   0|    1|          0|
    |height_0_data_reg                 |  32|   0|   32|          0|
    |height_0_vld_reg                  |   0|   0|    1|          1|
    |i_op_assign_reg_2319              |  32|   0|   32|          0|
    |index_reg_2339                    |  32|   0|   32|          0|
    |indvar2_reg_535                   |  11|   0|   11|          0|
    |indvar_next_reg_2089              |  17|   0|   17|          0|
    |indvar_reg_310                    |  17|   0|   17|          0|
    |indvar_reg_310_pp0_iter1_reg      |  17|   0|   17|          0|
    |indvars_iv1_reg_346               |  64|   0|   64|          0|
    |indvars_iv3_reg_334               |  64|   0|   64|          0|
    |indvars_iv4_reg_358               |  64|   0|   64|          0|
    |indvars_iv5_reg_405               |  64|   0|   64|          0|
    |indvars_iv7_reg_393               |  64|   0|   64|          0|
    |indvars_iv_next6_reg_2198         |  64|   0|   64|          0|
    |indvars_iv_next7_reg_2203         |  64|   0|   64|          0|
    |indvars_iv_next_reg_2329          |  64|   0|   64|          0|
    |indvars_iv_reg_417                |  64|   0|   64|          0|
    |length_r_0_data_reg               |  32|   0|   32|          0|
    |length_r_0_vld_reg                |   0|   0|    1|          1|
    |newSectionData_load_reg_2447      |  32|   0|   32|          0|
    |p_0194_1_reg_429                  |   7|   0|    7|          0|
    |p_s_reg_370                       |   7|   0|    7|          0|
    |ram1_reg_2073                     |  30|   0|   30|          0|
    |rollingAverage_0_V_reg_2294       |  14|   0|   14|          0|
    |rollingAverage_1_V_reg_2299       |  14|   0|   14|          0|
    |rollingAverage_V_0_2_reg_465      |  14|   0|   14|          0|
    |rollingAverage_V_0_3_reg_512      |  14|   0|   14|          0|
    |rollingAverage_V_1_2_reg_453      |  14|   0|   14|          0|
    |rollingAverage_V_1_3_reg_500      |  14|   0|   14|          0|
    |rollingAverage_V_2_2_reg_441      |  14|   0|   14|          0|
    |rollingAverage_V_2_3_reg_488      |  14|   0|   14|          0|
    |scaledLength_0_data_reg           |  32|   0|   32|          0|
    |scaledLength_0_vld_reg            |   0|   0|    1|          1|
    |scaledX_V_reg_2137                |   7|   0|    7|          0|
    |scaledY_V_reg_2165                |   7|   0|    7|          0|
    |start_pos1_reg_2356               |   2|   0|    5|          3|
    |start_pos2_reg_2385               |   2|   0|    5|          3|
    |start_pos3_reg_2415               |   2|   0|    5|          3|
    |tmp_103_reg_2226                  |   2|   0|    2|          0|
    |tmp_10_reg_2147                   |   1|   0|    1|          0|
    |tmp_114_reg_2269                  |   5|   0|    6|          1|
    |tmp_117_reg_2274                  |  32|   0|   32|          0|
    |tmp_121_reg_2237                  |   2|   0|    2|          0|
    |tmp_12_reg_2152                   |   1|   0|    1|          0|
    |tmp_132_reg_2279                  |   5|   0|    6|          1|
    |tmp_135_reg_2284                  |  32|   0|   32|          0|
    |tmp_139_reg_2248                  |   2|   0|    2|          0|
    |tmp_150_reg_2304                  |   5|   0|    6|          1|
    |tmp_153_reg_2309                  |  32|   0|   32|          0|
    |tmp_19_reg_2334                   |  32|   0|   32|          0|
    |tmp_1_reg_2106                    |  32|   0|   64|         32|
    |tmp_25_reg_2113                   |  32|   0|   64|         32|
    |tmp_29_reg_2193                   |  64|   0|   64|          0|
    |tmp_2_reg_2118                    |   1|   0|    1|          0|
    |tmp_31_reg_2345                   |   2|   0|    2|          0|
    |tmp_32_reg_2221                   |  64|   0|   64|          0|
    |tmp_34_reg_2366                   |   1|   0|    1|          0|
    |tmp_4_reg_2123                    |   1|   0|    1|          0|
    |tmp_60_reg_2374                   |   2|   0|    2|          0|
    |tmp_61_reg_2395                   |   1|   0|    1|          0|
    |tmp_80_reg_2403                   |   2|   0|    2|          0|
    |tmp_81_reg_2425                   |   1|   0|    1|          0|
    |tmp_reg_2099                      |  32|   0|   64|         32|
    |tmp_s_reg_2142                    |   7|   0|   32|         25|
    |umax3_reg_2128                    |  64|   0|   64|          0|
    |umax5_reg_2157                    |  64|   0|   64|          0|
    |windowX1_reg_477                  |  64|   0|   64|          0|
    |windowX_reg_322                   |  64|   0|   64|          0|
    |windowY1_reg_524                  |  64|   0|   64|          0|
    |windowY_1_reg_2211                |  64|   0|   64|          0|
    |windowY_reg_381                   |  64|   0|   64|          0|
    |y_reg_2324                        |  64|   0|   64|          0|
    +----------------------------------+----+----+-----+-----------+
    |Total                             |2132|   0| 2279|        147|
    +----------------------------------+----+----+-----+-----------+



================================================================
== Interface
================================================================
* Summary: 
+------------------------+-----+-----+------------+--------------+--------------+
|        RTL Ports       | Dir | Bits|  Protocol  | Source Object|    C Type    |
+------------------------+-----+-----+------------+--------------+--------------+
|s_axi_AXILiteS_AWVALID  |  in |    1|    s_axi   |   AXILiteS   |    pointer   |
|s_axi_AXILiteS_AWREADY  | out |    1|    s_axi   |   AXILiteS   |    pointer   |
|s_axi_AXILiteS_AWADDR   |  in |    6|    s_axi   |   AXILiteS   |    pointer   |
|s_axi_AXILiteS_WVALID   |  in |    1|    s_axi   |   AXILiteS   |    pointer   |
|s_axi_AXILiteS_WREADY   | out |    1|    s_axi   |   AXILiteS   |    pointer   |
|s_axi_AXILiteS_WDATA    |  in |   32|    s_axi   |   AXILiteS   |    pointer   |
|s_axi_AXILiteS_WSTRB    |  in |    4|    s_axi   |   AXILiteS   |    pointer   |
|s_axi_AXILiteS_ARVALID  |  in |    1|    s_axi   |   AXILiteS   |    pointer   |
|s_axi_AXILiteS_ARREADY  | out |    1|    s_axi   |   AXILiteS   |    pointer   |
|s_axi_AXILiteS_ARADDR   |  in |    6|    s_axi   |   AXILiteS   |    pointer   |
|s_axi_AXILiteS_RVALID   | out |    1|    s_axi   |   AXILiteS   |    pointer   |
|s_axi_AXILiteS_RREADY   |  in |    1|    s_axi   |   AXILiteS   |    pointer   |
|s_axi_AXILiteS_RDATA    | out |   32|    s_axi   |   AXILiteS   |    pointer   |
|s_axi_AXILiteS_RRESP    | out |    2|    s_axi   |   AXILiteS   |    pointer   |
|s_axi_AXILiteS_BVALID   | out |    1|    s_axi   |   AXILiteS   |    pointer   |
|s_axi_AXILiteS_BREADY   |  in |    1|    s_axi   |   AXILiteS   |    pointer   |
|s_axi_AXILiteS_BRESP    | out |    2|    s_axi   |   AXILiteS   |    pointer   |
|ap_clk                  |  in |    1| ap_ctrl_hs |   toplevel   | return value |
|ap_rst_n                |  in |    1| ap_ctrl_hs |   toplevel   | return value |
|interrupt               | out |    1| ap_ctrl_hs |   toplevel   | return value |
|m_axi_MAXI_AWVALID      | out |    1|    m_axi   |     MAXI     |    pointer   |
|m_axi_MAXI_AWREADY      |  in |    1|    m_axi   |     MAXI     |    pointer   |
|m_axi_MAXI_AWADDR       | out |   32|    m_axi   |     MAXI     |    pointer   |
|m_axi_MAXI_AWID         | out |    1|    m_axi   |     MAXI     |    pointer   |
|m_axi_MAXI_AWLEN        | out |    8|    m_axi   |     MAXI     |    pointer   |
|m_axi_MAXI_AWSIZE       | out |    3|    m_axi   |     MAXI     |    pointer   |
|m_axi_MAXI_AWBURST      | out |    2|    m_axi   |     MAXI     |    pointer   |
|m_axi_MAXI_AWLOCK       | out |    2|    m_axi   |     MAXI     |    pointer   |
|m_axi_MAXI_AWCACHE      | out |    4|    m_axi   |     MAXI     |    pointer   |
|m_axi_MAXI_AWPROT       | out |    3|    m_axi   |     MAXI     |    pointer   |
|m_axi_MAXI_AWQOS        | out |    4|    m_axi   |     MAXI     |    pointer   |
|m_axi_MAXI_AWREGION     | out |    4|    m_axi   |     MAXI     |    pointer   |
|m_axi_MAXI_AWUSER       | out |    1|    m_axi   |     MAXI     |    pointer   |
|m_axi_MAXI_WVALID       | out |    1|    m_axi   |     MAXI     |    pointer   |
|m_axi_MAXI_WREADY       |  in |    1|    m_axi   |     MAXI     |    pointer   |
|m_axi_MAXI_WDATA        | out |   32|    m_axi   |     MAXI     |    pointer   |
|m_axi_MAXI_WSTRB        | out |    4|    m_axi   |     MAXI     |    pointer   |
|m_axi_MAXI_WLAST        | out |    1|    m_axi   |     MAXI     |    pointer   |
|m_axi_MAXI_WID          | out |    1|    m_axi   |     MAXI     |    pointer   |
|m_axi_MAXI_WUSER        | out |    1|    m_axi   |     MAXI     |    pointer   |
|m_axi_MAXI_ARVALID      | out |    1|    m_axi   |     MAXI     |    pointer   |
|m_axi_MAXI_ARREADY      |  in |    1|    m_axi   |     MAXI     |    pointer   |
|m_axi_MAXI_ARADDR       | out |   32|    m_axi   |     MAXI     |    pointer   |
|m_axi_MAXI_ARID         | out |    1|    m_axi   |     MAXI     |    pointer   |
|m_axi_MAXI_ARLEN        | out |    8|    m_axi   |     MAXI     |    pointer   |
|m_axi_MAXI_ARSIZE       | out |    3|    m_axi   |     MAXI     |    pointer   |
|m_axi_MAXI_ARBURST      | out |    2|    m_axi   |     MAXI     |    pointer   |
|m_axi_MAXI_ARLOCK       | out |    2|    m_axi   |     MAXI     |    pointer   |
|m_axi_MAXI_ARCACHE      | out |    4|    m_axi   |     MAXI     |    pointer   |
|m_axi_MAXI_ARPROT       | out |    3|    m_axi   |     MAXI     |    pointer   |
|m_axi_MAXI_ARQOS        | out |    4|    m_axi   |     MAXI     |    pointer   |
|m_axi_MAXI_ARREGION     | out |    4|    m_axi   |     MAXI     |    pointer   |
|m_axi_MAXI_ARUSER       | out |    1|    m_axi   |     MAXI     |    pointer   |
|m_axi_MAXI_RVALID       |  in |    1|    m_axi   |     MAXI     |    pointer   |
|m_axi_MAXI_RREADY       | out |    1|    m_axi   |     MAXI     |    pointer   |
|m_axi_MAXI_RDATA        |  in |   32|    m_axi   |     MAXI     |    pointer   |
|m_axi_MAXI_RLAST        |  in |    1|    m_axi   |     MAXI     |    pointer   |
|m_axi_MAXI_RID          |  in |    1|    m_axi   |     MAXI     |    pointer   |
|m_axi_MAXI_RUSER        |  in |    1|    m_axi   |     MAXI     |    pointer   |
|m_axi_MAXI_RRESP        |  in |    2|    m_axi   |     MAXI     |    pointer   |
|m_axi_MAXI_BVALID       |  in |    1|    m_axi   |     MAXI     |    pointer   |
|m_axi_MAXI_BREADY       | out |    1|    m_axi   |     MAXI     |    pointer   |
|m_axi_MAXI_BRESP        |  in |    2|    m_axi   |     MAXI     |    pointer   |
|m_axi_MAXI_BID          |  in |    1|    m_axi   |     MAXI     |    pointer   |
|m_axi_MAXI_BUSER        |  in |    1|    m_axi   |     MAXI     |    pointer   |
+------------------------+-----+-----+------------+--------------+--------------+

