

================================================================
== Vivado HLS Report for 'subsamble'
================================================================
* Date:           Thu Jan 31 14:03:45 2019

* Version:        2018.2.1 (Build 2288704 on Thu Jul 26 18:46:41 MDT 2018)
* Project:        SubSample
* Solution:       solution1
* Product family: zynq
* Target device:  xc7z010clg400-1


================================================================
== Performance Estimates
================================================================
+ Timing (ns): 
    * Summary: 
    +--------+-------+----------+------------+
    |  Clock | Target| Estimated| Uncertainty|
    +--------+-------+----------+------------+
    |ap_clk  |  10.00|     9.400|        1.25|
    +--------+-------+----------+------------+

+ Latency (clock cycles): 
    * Summary: 
    +---------+---------+---------+---------+----------+
    |      Latency      |      Interval     | Pipeline |
    |   min   |   max   |   min   |   max   |   Type   |
    +---------+---------+---------+---------+----------+
    |  1775786|  1775786|  1775782|  1775782| dataflow |
    +---------+---------+---------+---------+----------+

    + Detail: 
        * Instance: 
        +-----------------+--------------+---------+---------+---------+---------+---------+
        |                 |              |      Latency      |      Interval     | Pipeline|
        |     Instance    |    Module    |   min   |   max   |   min   |   max   |   Type  |
        +-----------------+--------------+---------+---------+---------+---------+---------+
        |Sobel_U0         |Sobel         |  1775781|  1775781|  1775781|  1775781|   none  |
        |AXIvideo2Mat_U0  |AXIvideo2Mat  |  1771353|  1771353|  1771353|  1771353|   none  |
        |CvtColor_U0      |CvtColor      |  1770301|  1770301|  1770301|  1770301|   none  |
        |Mat2AXIvideo_U0  |Mat2AXIvideo  |  1768201|  1768201|  1768201|  1768201|   none  |
        |CvtColor_1_U0    |CvtColor_1    |  1767151|  1767151|  1767151|  1767151|   none  |
        +-----------------+--------------+---------+---------+---------+---------+---------+

        * Loop: 
        N/A



================================================================
== Utilization Estimates
================================================================
* Summary: 
+-----------------+---------+-------+-------+-------+
|       Name      | BRAM_18K| DSP48E|   FF  |  LUT  |
+-----------------+---------+-------+-------+-------+
|DSP              |        -|      -|      -|      -|
|Expression       |        -|      -|      0|      2|
|FIFO             |        0|      -|     60|    240|
|Instance         |        9|      3|   1303|   3006|
|Memory           |        -|      -|      -|      -|
|Multiplexer      |        -|      -|      -|      -|
|Register         |        -|      -|      -|      -|
+-----------------+---------+-------+-------+-------+
|Total            |        9|      3|   1363|   3248|
+-----------------+---------+-------+-------+-------+
|Available        |      120|     80|  35200|  17600|
+-----------------+---------+-------+-------+-------+
|Utilization (%)  |        7|      3|      3|     18|
+-----------------+---------+-------+-------+-------+

+ Detail: 
    * Instance: 
    +-----------------+--------------+---------+-------+-----+------+
    |     Instance    |    Module    | BRAM_18K| DSP48E|  FF |  LUT |
    +-----------------+--------------+---------+-------+-----+------+
    |AXIvideo2Mat_U0  |AXIvideo2Mat  |        0|      0|  218|   449|
    |CvtColor_U0      |CvtColor      |        0|      3|  217|   258|
    |CvtColor_1_U0    |CvtColor_1    |        0|      0|   42|   194|
    |Mat2AXIvideo_U0  |Mat2AXIvideo  |        0|      0|  121|   359|
    |Sobel_U0         |Sobel         |        9|      0|  705|  1746|
    +-----------------+--------------+---------+-------+-----+------+
    |Total            |              |        9|      3| 1303|  3006|
    +-----------------+--------------+---------+-------+-----+------+

    * DSP48: 
    N/A

    * Memory: 
    N/A

    * FIFO: 
    +------------------------+---------+---+----+------+-----+---------+
    |          Name          | BRAM_18K| FF| LUT| Depth| Bits| Size:D*B|
    +------------------------+---------+---+----+------+-----+---------+
    |img0_data_stream_0_s_U  |        0|  5|  20|     1|    8|        8|
    |img0_data_stream_1_s_U  |        0|  5|  20|     1|    8|        8|
    |img0_data_stream_2_s_U  |        0|  5|  20|     1|    8|        8|
    |img1_data_stream_0_s_U  |        0|  5|  20|     1|    8|        8|
    |img1_data_stream_1_s_U  |        0|  5|  20|     1|    8|        8|
    |img1_data_stream_2_s_U  |        0|  5|  20|     1|    8|        8|
    |img2_data_stream_0_s_U  |        0|  5|  20|     1|    8|        8|
    |img2_data_stream_1_s_U  |        0|  5|  20|     1|    8|        8|
    |img2_data_stream_2_s_U  |        0|  5|  20|     1|    8|        8|
    |img3_data_stream_0_s_U  |        0|  5|  20|     1|    8|        8|
    |img3_data_stream_1_s_U  |        0|  5|  20|     1|    8|        8|
    |img3_data_stream_2_s_U  |        0|  5|  20|     1|    8|        8|
    +------------------------+---------+---+----+------+-----+---------+
    |Total                   |        0| 60| 240|    12|   96|       96|
    +------------------------+---------+---+----+------+-----+---------+

    * Expression: 
    +--------------+----------+-------+---+----+------------+------------+
    | Variable Name| Operation| DSP48E| FF| LUT| Bitwidth P0| Bitwidth P1|
    +--------------+----------+-------+---+----+------------+------------+
    |ap_idle       |    and   |      0|  0|   2|           1|           1|
    +--------------+----------+-------+---+----+------------+------------+
    |Total         |          |      0|  0|   2|           1|           1|
    +--------------+----------+-------+---+----+------------+------------+

    * Multiplexer: 
    N/A

    * Register: 
    N/A



================================================================
== Interface
================================================================
* Summary: 
+-----------------------+-----+-----+------------+-------------------------+--------------+
|       RTL Ports       | Dir | Bits|  Protocol  |      Source Object      |    C Type    |
+-----------------------+-----+-----+------------+-------------------------+--------------+
|stream_in_TDATA        |  in |   24|    axis    |    stream_in_V_data_V   |    pointer   |
|stream_in_TKEEP        |  in |    3|    axis    |    stream_in_V_keep_V   |    pointer   |
|stream_in_TSTRB        |  in |    3|    axis    |    stream_in_V_strb_V   |    pointer   |
|stream_in_TUSER        |  in |    1|    axis    |    stream_in_V_user_V   |    pointer   |
|stream_in_TLAST        |  in |    1|    axis    |    stream_in_V_last_V   |    pointer   |
|stream_in_TID          |  in |    1|    axis    |     stream_in_V_id_V    |    pointer   |
|stream_in_TDEST        |  in |    1|    axis    |    stream_in_V_dest_V   |    pointer   |
|stream_in_TVALID       |  in |    1|    axis    |    stream_in_V_dest_V   |    pointer   |
|stream_in_TREADY       | out |    1|    axis    |    stream_in_V_dest_V   |    pointer   |
|stream_process_TDATA   | out |   24|    axis    | stream_process_V_data_V |    pointer   |
|stream_process_TKEEP   | out |    3|    axis    | stream_process_V_keep_V |    pointer   |
|stream_process_TSTRB   | out |    3|    axis    | stream_process_V_strb_V |    pointer   |
|stream_process_TUSER   | out |    1|    axis    | stream_process_V_user_V |    pointer   |
|stream_process_TLAST   | out |    1|    axis    | stream_process_V_last_V |    pointer   |
|stream_process_TID     | out |    1|    axis    |  stream_process_V_id_V  |    pointer   |
|stream_process_TDEST   | out |    1|    axis    | stream_process_V_dest_V |    pointer   |
|stream_process_TVALID  | out |    1|    axis    | stream_process_V_dest_V |    pointer   |
|stream_process_TREADY  |  in |    1|    axis    | stream_process_V_dest_V |    pointer   |
|ap_clk                 |  in |    1| ap_ctrl_hs |        subsamble        | return value |
|ap_rst_n               |  in |    1| ap_ctrl_hs |        subsamble        | return value |
|ap_done                | out |    1| ap_ctrl_hs |        subsamble        | return value |
|ap_start               |  in |    1| ap_ctrl_hs |        subsamble        | return value |
|ap_ready               | out |    1| ap_ctrl_hs |        subsamble        | return value |
|ap_idle                | out |    1| ap_ctrl_hs |        subsamble        | return value |
+-----------------------+-----+-----+------------+-------------------------+--------------+

